terraform_data.bucket_raw: Creating...
terraform_data.bucket_gold: Creating...
terraform_data.bucket_raw: Provisioning with 'local-exec'...
terraform_data.bucket_gold: Provisioning with 'local-exec'...
terraform_data.bucket_raw (local-exec): Executing: ["/bin/sh" "-c" "set -e\naws s3api create-bucket --bucket \"prova-bigdata-raw-6325269\" --region \"us-east-1\" 2>/dev/null || true\naws s3api put-public-access-block --bucket \"prova-bigdata-raw-6325269\" \\\n  --public-access-block-configuration BlockPublicAcls=true,IgnorePublicAcls=true,BlockPublicPolicy=true,RestrictPublicBuckets=true\naws s3 cp \"./../dataset/pedidos_desnormalizado.csv\" \\\n  \"s3://prova-bigdata-raw-6325269/pedidos/pedidos_desnormalizado.csv\" --content-type text/csv\n"]
terraform_data.bucket_gold (local-exec): Executing: ["/bin/sh" "-c" "set -e\naws s3api head-bucket --bucket \"prova-bigdata-gold-6325269\" 2>/dev/null || aws s3api create-bucket --bucket \"prova-bigdata-gold-6325269\" --region \"us-east-1\"\naws s3api put-public-access-block --bucket \"prova-bigdata-gold-6325269\" --public-access-block-configuration \"BlockPublicAcls=true,IgnorePublicAcls=true,BlockPublicPolicy=true,RestrictPublicBuckets=true\"\naws s3api put-bucket-tagging --bucket \"prova-bigdata-gold-6325269\" --tagging '{\"TagSet\":[{\"Key\":\"Ambiente\",\"Value\":\"learner-lab\"},{\"Key\":\"Disciplina\",\"Value\":\"BigData\"},{\"Key\":\"Projeto\",\"Value\":\"prova-bigdata\"}]}' || echo \"AVISO: nao foi possivel aplicar as tags no bucket prova-bigdata-gold-6325269; seguindo sem elas.\"\n"]
aws_glue_catalog_database.gold: Creating...
aws_dynamodb_table.execucoes: Creating...
terraform_data.bucket_raw (local-exec): {
terraform_data.bucket_raw (local-exec):     "Location": "/prova-bigdata-raw-6325269",
terraform_data.bucket_raw (local-exec):     "BucketArn": "arn:aws:s3:::prova-bigdata-raw-6325269"
terraform_data.bucket_raw (local-exec): }
aws_glue_catalog_database.gold: Creation complete after 2s [id=<conta>:gold_6325269]
aws_glue_catalog_table.dim_produto: Creating...
aws_glue_catalog_table.fato_pedidos: Creating...
aws_glue_catalog_table.dim_cliente: Creating...
aws_glue_catalog_table.dim_produto: Creation complete after 0s [id=<conta>:gold_6325269:dim_produto]
aws_glue_catalog_table.fato_pedidos: Creation complete after 0s [id=<conta>:gold_6325269:fato_pedidos]
aws_glue_catalog_table.dim_cliente: Creation complete after 0s [id=<conta>:gold_6325269:dim_cliente]
terraform_data.bucket_gold (local-exec): {
terraform_data.bucket_gold (local-exec):     "Location": "/prova-bigdata-gold-6325269",
terraform_data.bucket_gold (local-exec):     "BucketArn": "arn:aws:s3:::prova-bigdata-gold-6325269"
terraform_data.bucket_gold (local-exec): }
terraform_data.bucket_raw (local-exec): Completed 10.0 KiB/10.0 KiB (8.0 KiB/s) with 1 file(s) remaining
terraform_data.bucket_raw (local-exec): upload: ../dataset/pedidos_desnormalizado.csv to s3://prova-bigdata-raw-6325269/pedidos/pedidos_desnormalizado.csv
terraform_data.bucket_raw: Creation complete after 5s [id=bdb0c4bb-a3a7-edef-9fb9-cc32e114e325]
terraform_data.bucket_gold: Creation complete after 7s [id=270993d0-a12a-628b-7435-e16cfdb15ccf]
terraform_data.script_glue: Creating...
terraform_data.script_glue: Provisioning with 'local-exec'...
terraform_data.script_glue (local-exec): Executing: ["/bin/sh" "-c" "set -e\naws s3 cp \"./../glue-job/normaliza_pedidos.py\" \"s3://prova-bigdata-gold-6325269/scripts/normaliza_pedidos.py\"\n"]
aws_athena_workgroup.gold: Creating...
aws_athena_workgroup.gold: Creation complete after 2s [id=wg-gold-6325269]
terraform_data.script_glue (local-exec): Completed 13.9 KiB/13.9 KiB (11.6 KiB/s) with 1 file(s) remaining
terraform_data.script_glue (local-exec): upload: ../glue-job/normaliza_pedidos.py to s3://prova-bigdata-gold-6325269/scripts/normaliza_pedidos.py
terraform_data.script_glue: Creation complete after 2s [id=6ef9c426-01bd-6b00-4850-51bc5565d197]
aws_dynamodb_table.execucoes: Creation complete after 9s [id=execucoes-6325269]
aws_glue_job.normaliza_pedidos: Creating...
aws_glue_job.normaliza_pedidos: Creation complete after 1s [id=job-gold-6325269]

Apply complete! Resources: 10 added, 0 changed, 0 destroyed.

Outputs:

athena_workgroup_nome = "wg-gold-6325269"
bucket_gold_nome = "prova-bigdata-gold-6325269"
dynamodb_tabela_nome = "execucoes-6325269"
glue_database_nome = "gold_6325269"
glue_job_nome = "job-gold-6325269"
gold_path = "s3://prova-bigdata-gold-6325269/"
