{
    "Items": [
        {
            "data_hora": {
                "S": "2026-09-28T22:42:06Z"
            },
            "dataset": {
                "S": "pedidos_desnormalizado"
            },
            "linhas_gravadas": {
                "N": "103"
            },
            "execution_id": {
                "S": "job-gold-6325269-spark-application-1790635295102"
            },
            "linhas_lidas": {
                "N": "110"
            },
            "status": {
                "S": "SUCESSO"
            }
        }
    ],
    "Count": 1,
    "ScannedCount": 1,
    "ConsumedCapacity": null
}
