terraform_data.bucket_gold: Refreshing state... [id=270993d0-a12a-628b-7435-e16cfdb15ccf]
terraform_data.bucket_raw: Refreshing state... [id=bdb0c4bb-a3a7-edef-9fb9-cc32e114e325]
terraform_data.script_glue: Refreshing state... [id=6ef9c426-01bd-6b00-4850-51bc5565d197]
aws_glue_catalog_database.gold: Refreshing state... [id=<conta>:gold_6325269]
aws_athena_workgroup.gold: Refreshing state... [id=wg-gold-6325269]
aws_dynamodb_table.execucoes: Refreshing state... [id=execucoes-6325269]
aws_glue_catalog_table.dim_cliente: Refreshing state... [id=<conta>:gold_6325269:dim_cliente]
aws_glue_catalog_table.dim_produto: Refreshing state... [id=<conta>:gold_6325269:dim_produto]
aws_glue_catalog_table.fato_pedidos: Refreshing state... [id=<conta>:gold_6325269:fato_pedidos]
aws_glue_job.normaliza_pedidos: Refreshing state... [id=job-gold-6325269]

Terraform used the selected providers to generate the following execution
plan. Resource actions are indicated with the following symbols:
  - destroy

Terraform will perform the following actions:

  # aws_athena_workgroup.gold will be destroyed
  - resource "aws_athena_workgroup" "gold" {
      - arn           = "arn:aws:athena:us-east-1:<conta>:workgroup/wg-gold-6325269" -> null
      - force_destroy = true -> null
      - id            = "wg-gold-6325269" -> null
      - name          = "wg-gold-6325269" -> null
      - state         = "ENABLED" -> null
      - tags          = {
          - "Ambiente"   = "learner-lab"
          - "Disciplina" = "BigData"
          - "Projeto"    = "prova-bigdata"
        } -> null
      - tags_all      = {
          - "Ambiente"   = "learner-lab"
          - "Disciplina" = "BigData"
          - "Projeto"    = "prova-bigdata"
        } -> null
        # (1 unchanged attribute hidden)

      - configuration {
          - bytes_scanned_cutoff_per_query     = 10485760 -> null
          - enforce_workgroup_configuration    = true -> null
          - publish_cloudwatch_metrics_enabled = true -> null
          - requester_pays_enabled             = false -> null
            # (1 unchanged attribute hidden)

          - engine_version {
              - effective_engine_version = "Athena engine version 3" -> null
              - selected_engine_version  = "AUTO" -> null
            }

          - result_configuration {
              - output_location       = "s3://prova-bigdata-gold-6325269/athena-results/" -> null
                # (1 unchanged attribute hidden)

              - encryption_configuration {
                  - encryption_option = "SSE_S3" -> null
                    # (1 unchanged attribute hidden)
                }
            }
        }
    }

  # aws_dynamodb_table.execucoes will be destroyed
  - resource "aws_dynamodb_table" "execucoes" {
      - arn                         = "arn:aws:dynamodb:us-east-1:<conta>:table/execucoes-6325269" -> null
      - billing_mode                = "PAY_PER_REQUEST" -> null
      - deletion_protection_enabled = false -> null
      - hash_key                    = "execution_id" -> null
      - id                          = "execucoes-6325269" -> null
      - name                        = "execucoes-6325269" -> null
      - read_capacity               = 0 -> null
      - stream_enabled              = false -> null
      - table_class                 = "STANDARD" -> null
      - tags                        = {
          - "Ambiente"   = "learner-lab"
          - "Disciplina" = "BigData"
          - "Projeto"    = "prova-bigdata"
        } -> null
      - tags_all                    = {
          - "Ambiente"   = "learner-lab"
          - "Disciplina" = "BigData"
          - "Projeto"    = "prova-bigdata"
        } -> null
      - write_capacity              = 0 -> null
        # (3 unchanged attributes hidden)

      - attribute {
          - name = "execution_id" -> null
          - type = "S" -> null
        }

      - point_in_time_recovery {
          - enabled = false -> null
        }

      - ttl {
          - enabled        = false -> null
            # (1 unchanged attribute hidden)
        }
    }

  # aws_glue_catalog_database.gold will be destroyed
  - resource "aws_glue_catalog_database" "gold" {
      - arn          = "arn:aws:glue:us-east-1:<conta>:database/gold_6325269" -> null
      - catalog_id   = "<conta>" -> null
      - id           = "<conta>:gold_6325269" -> null
      - name         = "gold_6325269" -> null
      - parameters   = {} -> null
      - tags         = {
          - "Ambiente"   = "learner-lab"
          - "Disciplina" = "BigData"
          - "Projeto"    = "prova-bigdata"
        } -> null
      - tags_all     = {
          - "Ambiente"   = "learner-lab"
          - "Disciplina" = "BigData"
          - "Projeto"    = "prova-bigdata"
        } -> null
        # (2 unchanged attributes hidden)

      - create_table_default_permission {
          - permissions = [
              - "ALL",
            ] -> null

          - principal {
              - data_lake_principal_identifier = "IAM_ALLOWED_PRINCIPALS" -> null
            }
        }
    }

  # aws_glue_catalog_table.dim_cliente will be destroyed
  - resource "aws_glue_catalog_table" "dim_cliente" {
      - arn                = "arn:aws:glue:us-east-1:<conta>:table/gold_6325269/dim_cliente" -> null
      - catalog_id         = "<conta>" -> null
      - database_name      = "gold_6325269" -> null
      - id                 = "<conta>:gold_6325269:dim_cliente" -> null
      - name               = "dim_cliente" -> null
      - parameters         = {
          - "EXTERNAL"       = "TRUE"
          - "classification" = "parquet"
        } -> null
      - retention          = 0 -> null
      - table_type         = "EXTERNAL_TABLE" -> null
        # (4 unchanged attributes hidden)

      - storage_descriptor {
          - bucket_columns            = [] -> null
          - compressed                = false -> null
          - input_format              = "org.apache.hadoop.hive.ql.io.parquet.MapredParquetInputFormat" -> null
          - location                  = "s3://prova-bigdata-gold-6325269/dim_cliente/" -> null
          - number_of_buckets         = 0 -> null
          - output_format             = "org.apache.hadoop.hive.ql.io.parquet.MapredParquetOutputFormat" -> null
          - parameters                = {} -> null
          - stored_as_sub_directories = false -> null

          - columns {
              - name       = "cliente_id" -> null
              - parameters = {} -> null
              - type       = "string" -> null
                # (1 unchanged attribute hidden)
            }
          - columns {
              - name       = "cliente_nome" -> null
              - parameters = {} -> null
              - type       = "string" -> null
                # (1 unchanged attribute hidden)
            }
          - columns {
              - name       = "cliente_uf" -> null
              - parameters = {} -> null
              - type       = "string" -> null
                # (1 unchanged attribute hidden)
            }

          - ser_de_info {
                name                  = null
              - parameters            = {} -> null
              - serialization_library = "org.apache.hadoop.hive.ql.io.parquet.serde.ParquetHiveSerDe" -> null
            }
        }
    }

  # aws_glue_catalog_table.dim_produto will be destroyed
  - resource "aws_glue_catalog_table" "dim_produto" {
      - arn                = "arn:aws:glue:us-east-1:<conta>:table/gold_6325269/dim_produto" -> null
      - catalog_id         = "<conta>" -> null
      - database_name      = "gold_6325269" -> null
      - id                 = "<conta>:gold_6325269:dim_produto" -> null
      - name               = "dim_produto" -> null
      - parameters         = {
          - "EXTERNAL"       = "TRUE"
          - "classification" = "parquet"
        } -> null
      - retention          = 0 -> null
      - table_type         = "EXTERNAL_TABLE" -> null
        # (4 unchanged attributes hidden)

      - storage_descriptor {
          - bucket_columns            = [] -> null
          - compressed                = false -> null
          - input_format              = "org.apache.hadoop.hive.ql.io.parquet.MapredParquetInputFormat" -> null
          - location                  = "s3://prova-bigdata-gold-6325269/dim_produto/" -> null
          - number_of_buckets         = 0 -> null
          - output_format             = "org.apache.hadoop.hive.ql.io.parquet.MapredParquetOutputFormat" -> null
          - parameters                = {} -> null
          - stored_as_sub_directories = false -> null

          - columns {
              - name       = "produto_id" -> null
              - parameters = {} -> null
              - type       = "string" -> null
                # (1 unchanged attribute hidden)
            }
          - columns {
              - name       = "produto_nome" -> null
              - parameters = {} -> null
              - type       = "string" -> null
                # (1 unchanged attribute hidden)
            }
          - columns {
              - name       = "categoria" -> null
              - parameters = {} -> null
              - type       = "string" -> null
                # (1 unchanged attribute hidden)
            }

          - ser_de_info {
                name                  = null
              - parameters            = {} -> null
              - serialization_library = "org.apache.hadoop.hive.ql.io.parquet.serde.ParquetHiveSerDe" -> null
            }
        }
    }

  # aws_glue_catalog_table.fato_pedidos will be destroyed
  - resource "aws_glue_catalog_table" "fato_pedidos" {
      - arn                = "arn:aws:glue:us-east-1:<conta>:table/gold_6325269/fato_pedidos" -> null
      - catalog_id         = "<conta>" -> null
      - database_name      = "gold_6325269" -> null
      - id                 = "<conta>:gold_6325269:fato_pedidos" -> null
      - name               = "fato_pedidos" -> null
      - parameters         = {
          - "EXTERNAL"                             = "TRUE"
          - "classification"                       = "parquet"
          - "projection.data_pedido.format"        = "yyyy-MM-dd"
          - "projection.data_pedido.interval"      = "1"
          - "projection.data_pedido.interval.unit" = "DAYS"
          - "projection.data_pedido.range"         = "2026-01-01,NOW"
          - "projection.data_pedido.type"          = "date"
          - "projection.enabled"                   = "true"
          - "storage.location.template"            = "s3://prova-bigdata-gold-6325269/fato_pedidos/data_pedido=${data_pedido}/"
        } -> null
      - retention          = 0 -> null
      - table_type         = "EXTERNAL_TABLE" -> null
        # (4 unchanged attributes hidden)

      - partition_keys {
          - name    = "data_pedido" -> null
          - type    = "date" -> null
            # (1 unchanged attribute hidden)
        }

      - storage_descriptor {
          - bucket_columns            = [] -> null
          - compressed                = false -> null
          - input_format              = "org.apache.hadoop.hive.ql.io.parquet.MapredParquetInputFormat" -> null
          - location                  = "s3://prova-bigdata-gold-6325269/fato_pedidos/" -> null
          - number_of_buckets         = 0 -> null
          - output_format             = "org.apache.hadoop.hive.ql.io.parquet.MapredParquetOutputFormat" -> null
          - parameters                = {} -> null
          - stored_as_sub_directories = false -> null

          - columns {
              - name       = "pedido_id" -> null
              - parameters = {} -> null
              - type       = "string" -> null
                # (1 unchanged attribute hidden)
            }
          - columns {
              - name       = "cliente_id" -> null
              - parameters = {} -> null
              - type       = "string" -> null
                # (1 unchanged attribute hidden)
            }
          - columns {
              - name       = "produto_id" -> null
              - parameters = {} -> null
              - type       = "string" -> null
                # (1 unchanged attribute hidden)
            }
          - columns {
              - name       = "quantidade" -> null
              - parameters = {} -> null
              - type       = "int" -> null
                # (1 unchanged attribute hidden)
            }
          - columns {
              - name       = "preco_unitario" -> null
              - parameters = {} -> null
              - type       = "double" -> null
                # (1 unchanged attribute hidden)
            }
          - columns {
              - name       = "valor_total" -> null
              - parameters = {} -> null
              - type       = "double" -> null
                # (1 unchanged attribute hidden)
            }

          - ser_de_info {
                name                  = null
              - parameters            = {} -> null
              - serialization_library = "org.apache.hadoop.hive.ql.io.parquet.serde.ParquetHiveSerDe" -> null
            }
        }
    }

  # aws_glue_job.normaliza_pedidos will be destroyed
  - resource "aws_glue_job" "normaliza_pedidos" {
      - arn                       = "arn:aws:glue:us-east-1:<conta>:job/job-gold-6325269" -> null
      - connections               = [] -> null
      - default_arguments         = {
          - "--DATASET_NAME"        = "pedidos_desnormalizado"
          - "--DDB_TABLE"           = "execucoes-6325269"
          - "--GOLD_PATH"           = "s3://prova-bigdata-gold-6325269/"
          - "--RAW_PATH"            = "s3://prova-bigdata-raw-6325269/pedidos/"
          - "--job-bookmark-option" = "job-bookmark-disable"
          - "--job-language"        = "python"
        } -> null
      - glue_version              = "5.0" -> null
      - id                        = "job-gold-6325269" -> null
      - max_capacity              = 2 -> null
      - max_retries               = 0 -> null
      - name                      = "job-gold-6325269" -> null
      - non_overridable_arguments = {} -> null
      - number_of_workers         = 2 -> null
      - role_arn                  = "arn:aws:iam::<conta>:role/LabRole" -> null
      - tags                      = {
          - "Ambiente"   = "learner-lab"
          - "Disciplina" = "BigData"
          - "Projeto"    = "prova-bigdata"
        } -> null
      - tags_all                  = {
          - "Ambiente"   = "learner-lab"
          - "Disciplina" = "BigData"
          - "Projeto"    = "prova-bigdata"
        } -> null
      - timeout                   = 10 -> null
      - worker_type               = "G.1X" -> null
        # (3 unchanged attributes hidden)

      - command {
          - name            = "glueetl" -> null
          - python_version  = "3" -> null
          - script_location = "s3://prova-bigdata-gold-6325269/scripts/normaliza_pedidos.py" -> null
            # (1 unchanged attribute hidden)
        }

      - execution_property {
          - max_concurrent_runs = 1 -> null
        }
    }

  # terraform_data.bucket_gold will be destroyed
  - resource "terraform_data" "bucket_gold" {
      - id               = "270993d0-a12a-628b-7435-e16cfdb15ccf" -> null
      - input            = {
          - bucket = "prova-bigdata-gold-6325269"
          - regiao = "us-east-1"
        } -> null
      - output           = {
          - bucket = "prova-bigdata-gold-6325269"
          - regiao = "us-east-1"
        } -> null
      - triggers_replace = [
          - "prova-bigdata-gold-6325269",
          - "us-east-1",
        ] -> null
    }

  # terraform_data.bucket_raw will be destroyed
  - resource "terraform_data" "bucket_raw" {
      - id               = "bdb0c4bb-a3a7-edef-9fb9-cc32e114e325" -> null
      - input            = {
          - bucket = "prova-bigdata-raw-6325269"
          - regiao = "us-east-1"
        } -> null
      - output           = {
          - bucket = "prova-bigdata-raw-6325269"
          - regiao = "us-east-1"
        } -> null
      - triggers_replace = [
          - "prova-bigdata-raw-6325269",
          - "us-east-1",
        ] -> null
    }

  # terraform_data.script_glue will be destroyed
  - resource "terraform_data" "script_glue" {
      - id               = "6ef9c426-01bd-6b00-4850-51bc5565d197" -> null
      - input            = {
          - script_s3 = "s3://prova-bigdata-gold-6325269/scripts/normaliza_pedidos.py"
        } -> null
      - output           = {
          - script_s3 = "s3://prova-bigdata-gold-6325269/scripts/normaliza_pedidos.py"
        } -> null
      - triggers_replace = [
          - "d5489d9edd81283a94bb543a747e47ab",
          - "prova-bigdata-gold-6325269",
        ] -> null
    }

Plan: 0 to add, 0 to change, 10 to destroy.

Changes to Outputs:
  - athena_workgroup_nome = "wg-gold-6325269" -> null
  - bucket_gold_nome      = "prova-bigdata-gold-6325269" -> null
  - dynamodb_tabela_nome  = "execucoes-6325269" -> null
  - glue_database_nome    = "gold_6325269" -> null
  - glue_job_nome         = "job-gold-6325269" -> null
  - gold_path             = "s3://prova-bigdata-gold-6325269/" -> null
terraform_data.script_glue: Destroying... [id=6ef9c426-01bd-6b00-4850-51bc5565d197]
terraform_data.bucket_raw: Destroying... [id=bdb0c4bb-a3a7-edef-9fb9-cc32e114e325]
terraform_data.script_glue: Destruction complete after 0s
terraform_data.bucket_raw: Provisioning with 'local-exec'...
terraform_data.bucket_raw (local-exec): Executing: ["/bin/sh" "-c" "aws s3 rb s3://prova-bigdata-raw-6325269 --force || true"]
aws_glue_catalog_table.dim_cliente: Destroying... [id=<conta>:gold_6325269:dim_cliente]
aws_athena_workgroup.gold: Destroying... [id=wg-gold-6325269]
aws_glue_job.normaliza_pedidos: Destroying... [id=job-gold-6325269]
aws_glue_catalog_table.dim_produto: Destroying... [id=<conta>:gold_6325269:dim_produto]
aws_glue_catalog_table.fato_pedidos: Destroying... [id=<conta>:gold_6325269:fato_pedidos]
aws_athena_workgroup.gold: Destruction complete after 1s
terraform_data.bucket_gold: Destroying... [id=270993d0-a12a-628b-7435-e16cfdb15ccf]
terraform_data.bucket_gold: Provisioning with 'local-exec'...
terraform_data.bucket_gold (local-exec): Executing: ["/bin/sh" "-c" "aws s3 rb \"s3://prova-bigdata-gold-6325269\" --force || true"]
aws_glue_job.normaliza_pedidos: Destruction complete after 1s
aws_dynamodb_table.execucoes: Destroying... [id=execucoes-6325269]
aws_glue_catalog_table.dim_cliente: Destruction complete after 1s
aws_glue_catalog_table.dim_produto: Destruction complete after 1s
aws_glue_catalog_table.fato_pedidos: Destruction complete after 1s
aws_glue_catalog_database.gold: Destroying... [id=<conta>:gold_6325269]
aws_glue_catalog_database.gold: Destruction complete after 1s
terraform_data.bucket_raw (local-exec): delete: s3://prova-bigdata-raw-6325269/pedidos/pedidos_desnormalizado.csv
terraform_data.bucket_raw (local-exec): remove_bucket: prova-bigdata-raw-6325269
terraform_data.bucket_gold (local-exec): delete: s3://prova-bigdata-gold-6325269/athena-results/03fe7885-d17a-49a0-886b-9114b07c0a82.csv.metadata
terraform_data.bucket_gold (local-exec): delete: s3://prova-bigdata-gold-6325269/athena-results/03fe7885-d17a-49a0-886b-9114b07c0a82.csv
terraform_data.bucket_raw: Destruction complete after 4s
terraform_data.bucket_gold (local-exec): delete: s3://prova-bigdata-gold-6325269/athena-results/3f383ad5-7c85-41de-a6d1-7e422f161101.csv
terraform_data.bucket_gold (local-exec): delete: s3://prova-bigdata-gold-6325269/athena-results/245df2fc-0020-4569-9d5f-7c81a0978cab.csv
terraform_data.bucket_gold (local-exec): delete: s3://prova-bigdata-gold-6325269/athena-results/1bb1ae9d-f6e2-41b8-ab25-f77a59ac66ce.csv
terraform_data.bucket_gold (local-exec): delete: s3://prova-bigdata-gold-6325269/athena-results/1bb1ae9d-f6e2-41b8-ab25-f77a59ac66ce.csv.metadata
terraform_data.bucket_gold (local-exec): delete: s3://prova-bigdata-gold-6325269/athena-results/35f13043-847a-4617-91f6-e70599b5892a.csv
terraform_data.bucket_gold (local-exec): delete: s3://prova-bigdata-gold-6325269/athena-results/35f13043-847a-4617-91f6-e70599b5892a.csv.metadata
terraform_data.bucket_gold (local-exec): delete: s3://prova-bigdata-gold-6325269/athena-results/3f383ad5-7c85-41de-a6d1-7e422f161101.csv.metadata
terraform_data.bucket_gold (local-exec): delete: s3://prova-bigdata-gold-6325269/athena-results/566874a1-3fb4-4846-b36c-4b5873ac39d1.csv
terraform_data.bucket_gold (local-exec): delete: s3://prova-bigdata-gold-6325269/athena-results/566874a1-3fb4-4846-b36c-4b5873ac39d1.csv.metadata
terraform_data.bucket_gold (local-exec): delete: s3://prova-bigdata-gold-6325269/athena-results/5beba788-2e59-478a-8555-79e5cf3d76c0.csv.metadata
terraform_data.bucket_gold (local-exec): delete: s3://prova-bigdata-gold-6325269/athena-results/5beba788-2e59-478a-8555-79e5cf3d76c0.csv
terraform_data.bucket_gold (local-exec): delete: s3://prova-bigdata-gold-6325269/athena-results/bd02a893-ac7b-4a4e-b120-acd3b0464efe.csv
terraform_data.bucket_gold (local-exec): delete: s3://prova-bigdata-gold-6325269/athena-results/f52a196a-c39b-4891-9a17-04f93c6bc17d.csv
terraform_data.bucket_gold (local-exec): delete: s3://prova-bigdata-gold-6325269/athena-results/bd02a893-ac7b-4a4e-b120-acd3b0464efe.csv.metadata
terraform_data.bucket_gold (local-exec): delete: s3://prova-bigdata-gold-6325269/athena-results/f52a196a-c39b-4891-9a17-04f93c6bc17d.csv.metadata
terraform_data.bucket_gold (local-exec): delete: s3://prova-bigdata-gold-6325269/dim_cliente/part-00000-8ab8e482-803d-44cd-bbdf-7b37369119d8-c000.snappy.parquet
terraform_data.bucket_gold (local-exec): delete: s3://prova-bigdata-gold-6325269/dim_produto/part-00000-5590a132-3225-4f32-a62e-530385740d8e-c000.snappy.parquet
terraform_data.bucket_gold (local-exec): delete: s3://prova-bigdata-gold-6325269/fato_pedidos/data_pedido=2026-01-05/part-00000-71e245dc-382d-4b74-98b0-c43e7f88ccbe.c000.snappy.parquet
terraform_data.bucket_gold (local-exec): delete: s3://prova-bigdata-gold-6325269/fato_pedidos/data_pedido=2026-01-06/part-00000-71e245dc-382d-4b74-98b0-c43e7f88ccbe.c000.snappy.parquet
terraform_data.bucket_gold (local-exec): delete: s3://prova-bigdata-gold-6325269/fato_pedidos/data_pedido=2026-01-07/part-00000-71e245dc-382d-4b74-98b0-c43e7f88ccbe.c000.snappy.parquet
terraform_data.bucket_gold (local-exec): delete: s3://prova-bigdata-gold-6325269/fato_pedidos/data_pedido=2026-01-08/part-00000-71e245dc-382d-4b74-98b0-c43e7f88ccbe.c000.snappy.parquet
terraform_data.bucket_gold (local-exec): delete: s3://prova-bigdata-gold-6325269/fato_pedidos/data_pedido=2026-01-10/part-00000-71e245dc-382d-4b74-98b0-c43e7f88ccbe.c000.snappy.parquet
terraform_data.bucket_gold (local-exec): delete: s3://prova-bigdata-gold-6325269/fato_pedidos/data_pedido=2026-01-09/part-00000-71e245dc-382d-4b74-98b0-c43e7f88ccbe.c000.snappy.parquet
terraform_data.bucket_gold (local-exec): delete: s3://prova-bigdata-gold-6325269/fato_pedidos/data_pedido=2026-01-11/part-00000-71e245dc-382d-4b74-98b0-c43e7f88ccbe.c000.snappy.parquet
terraform_data.bucket_gold (local-exec): delete: s3://prova-bigdata-gold-6325269/fato_pedidos/data_pedido=2026-01-12/part-00000-71e245dc-382d-4b74-98b0-c43e7f88ccbe.c000.snappy.parquet
terraform_data.bucket_gold (local-exec): delete: s3://prova-bigdata-gold-6325269/fato_pedidos/data_pedido=2026-01-13/part-00000-71e245dc-382d-4b74-98b0-c43e7f88ccbe.c000.snappy.parquet
terraform_data.bucket_gold (local-exec): delete: s3://prova-bigdata-gold-6325269/fato_pedidos/data_pedido=2026-01-15/part-00000-71e245dc-382d-4b74-98b0-c43e7f88ccbe.c000.snappy.parquet
terraform_data.bucket_gold (local-exec): delete: s3://prova-bigdata-gold-6325269/fato_pedidos/data_pedido=2026-01-16/part-00000-71e245dc-382d-4b74-98b0-c43e7f88ccbe.c000.snappy.parquet
terraform_data.bucket_gold (local-exec): delete: s3://prova-bigdata-gold-6325269/fato_pedidos/data_pedido=2026-01-14/part-00000-71e245dc-382d-4b74-98b0-c43e7f88ccbe.c000.snappy.parquet
terraform_data.bucket_gold (local-exec): delete: s3://prova-bigdata-gold-6325269/fato_pedidos/data_pedido=2026-01-19/part-00000-71e245dc-382d-4b74-98b0-c43e7f88ccbe.c000.snappy.parquet
terraform_data.bucket_gold (local-exec): delete: s3://prova-bigdata-gold-6325269/fato_pedidos/data_pedido=2026-01-18/part-00000-71e245dc-382d-4b74-98b0-c43e7f88ccbe.c000.snappy.parquet
terraform_data.bucket_gold (local-exec): delete: s3://prova-bigdata-gold-6325269/fato_pedidos/data_pedido=2026-01-20/part-00000-71e245dc-382d-4b74-98b0-c43e7f88ccbe.c000.snappy.parquet
terraform_data.bucket_gold (local-exec): delete: s3://prova-bigdata-gold-6325269/athena-results/245df2fc-0020-4569-9d5f-7c81a0978cab.csv.metadata
terraform_data.bucket_gold (local-exec): delete: s3://prova-bigdata-gold-6325269/fato_pedidos/data_pedido=2026-01-21/part-00000-71e245dc-382d-4b74-98b0-c43e7f88ccbe.c000.snappy.parquet
terraform_data.bucket_gold (local-exec): delete: s3://prova-bigdata-gold-6325269/fato_pedidos/data_pedido=2026-01-22/part-00000-71e245dc-382d-4b74-98b0-c43e7f88ccbe.c000.snappy.parquet
terraform_data.bucket_gold (local-exec): delete: s3://prova-bigdata-gold-6325269/fato_pedidos/data_pedido=2026-01-24/part-00000-71e245dc-382d-4b74-98b0-c43e7f88ccbe.c000.snappy.parquet
terraform_data.bucket_gold (local-exec): delete: s3://prova-bigdata-gold-6325269/fato_pedidos/data_pedido=2026-01-23/part-00000-71e245dc-382d-4b74-98b0-c43e7f88ccbe.c000.snappy.parquet
terraform_data.bucket_gold (local-exec): delete: s3://prova-bigdata-gold-6325269/fato_pedidos/data_pedido=2026-01-25/part-00000-71e245dc-382d-4b74-98b0-c43e7f88ccbe.c000.snappy.parquet
terraform_data.bucket_gold (local-exec): delete: s3://prova-bigdata-gold-6325269/fato_pedidos/data_pedido=2026-01-28/part-00000-71e245dc-382d-4b74-98b0-c43e7f88ccbe.c000.snappy.parquet
terraform_data.bucket_gold (local-exec): delete: s3://prova-bigdata-gold-6325269/fato_pedidos/data_pedido=2026-01-27/part-00000-71e245dc-382d-4b74-98b0-c43e7f88ccbe.c000.snappy.parquet
terraform_data.bucket_gold (local-exec): delete: s3://prova-bigdata-gold-6325269/fato_pedidos/data_pedido=2026-01-26/part-00000-71e245dc-382d-4b74-98b0-c43e7f88ccbe.c000.snappy.parquet
terraform_data.bucket_gold (local-exec): delete: s3://prova-bigdata-gold-6325269/scripts/normaliza_pedidos.py
terraform_data.bucket_gold (local-exec): delete: s3://prova-bigdata-gold-6325269/athena-results/9c21ae9a-7410-464d-8366-6a5e578f161d.csv
terraform_data.bucket_gold (local-exec): delete: s3://prova-bigdata-gold-6325269/athena-results/9c21ae9a-7410-464d-8366-6a5e578f161d.csv.metadata
terraform_data.bucket_gold (local-exec): delete: s3://prova-bigdata-gold-6325269/athena-results/bb03a133-dca9-4785-bdb5-746137869a19.csv
terraform_data.bucket_gold (local-exec): delete: s3://prova-bigdata-gold-6325269/athena-results/bb03a133-dca9-4785-bdb5-746137869a19.csv.metadata
terraform_data.bucket_gold (local-exec): delete: s3://prova-bigdata-gold-6325269/fato_pedidos/data_pedido=2026-01-17/part-00000-71e245dc-382d-4b74-98b0-c43e7f88ccbe.c000.snappy.parquet
terraform_data.bucket_gold (local-exec): remove_bucket: prova-bigdata-gold-6325269
terraform_data.bucket_gold: Destruction complete after 4s
aws_dynamodb_table.execucoes: Destruction complete after 7s

Destroy complete! Resources: 10 destroyed.
